data/varejo360_weekly.csv
date,units_sold,revenue_brl,avg_price_brl,tv_spend_brl,google_search_spend_brl,google_display_spend_brl,meta_spend_brl,ooh_spend_brl,email_crm_sends,influencer_spend_brl,leads_generated,website_sessions,coupons_redeemed,affiliate_commission_brl,competitor_promo_index,economic_confidence_index,is_black_friday,holiday_week
2024-08-05,18131,5842072.23,322.21,0.0,154388.81,43332.66,146762.05,312208.47,151170,0.0,2602,19920,253,48644.49,0.3118,0.8306,0,0
2024-08-12,18143,5688159.86,313.52,0.0,98841.32,21640.49,246813.87,275641.7,208180,0.0,2604,17905,369,64901.83,0.0505,0.8244,0,0
2024-08-19,19938,6467464.44,324.38,182033.2,200346.54,75731.12,266041.49,320798.11,234062,181445.42,3272,22566,283,84813.74,0.4569,0.8016,0,0
2024-08-26,20303,6525225.0,321.39,0.0,173248.35,52817.95,277337.0,423131.26,179895,161049.1,2932,20429,287,40041.77,0.2632,0.7622,0,0
2024-09-02,18934,6059518.76,320.03,0.0,106499.28,43092.37,221660.94,0.0,144836,0.0,2284,17832,353,91351.12,0.1737,0.8404,0,1
2024-09-09,18151,5933385.82,326.89,0.0,105679.0,47465.41,91533.29,0.0,173768,0.0,2042,16912,413,68911.4,0.1613,0.8157,0,0
2024-09-16,18926,6001452.78,317.1,0.0,111295.48,50284.91,231661.7,0.0,192846,0.0,2677,18142,362,51872.33,0.1081,0.7696,0,0
2024-09-23,17934,5699610.61,317.81,0.0,102845.48,48611.49,248827.1,0.0,133062,0.0,2747,18892,233,55114.25,0.2623,0.8014,0,0
2024-09-30,18262,5902407.69,323.21,0.0,205257.47,72080.26,285313.82,0.0,159086,0.0,3460,20419,278,81244.87,0.1022,0.8306,0,0
2024-10-07,17908,5792056.86,323.43,0.0,167023.12,51066.91,181942.17,0.0,126645,0.0,2635,18724,175,94550.11,0.1059,0.8526,0,0
2024-10-14,17163,5701629.97,332.2,0.0,108312.83,47131.94,119179.37,0.0,168367,172923.06,1788,17839,220,38469.88,0.6457,0.7835,0,0
2024-10-21,18701,6068542.68,324.5,0.0,142519.27,41405.67,268062.92,0.0,156132,165756.01,3226,20427,264,67524.28,0.5604,0.8559,0,0
2024-10-28,18357,6145042.07,334.75,0.0,175262.74,60589.0,361144.36,393174.23,163139,0.0,3648,20672,314,56056.84,0.8315,0.7717,0,0
2024-11-04,21192,7016705.09,331.1,526693.8,137871.79,42877.66,179378.93,338222.15,397389,0.0,2508,20319,434,74085.54,0.5166,0.8057,0,0
2024-11-11,22359,7292544.18,326.16,711357.56,128560.51,37240.19,194361.25,373514.09,408136,0.0,2527,21507,438,47177.7,0.6815,0.8012,0,0
2024-11-18,26274,6980188.11,265.67,560666.62,175301.99,53483.08,229676.02,241780.08,408822,0.0,3004,21500,1558,38930.04,0.7878,0.8008,1,0
2024-11-25,27717,6710020.7,242.09,588200.37,173119.86,69401.5,228430.65,339405.38,273291,0.0,3004,23995,1502,83263.16,0.6529,0.8486,1,0
2024-12-02,23770,7939353.84,334.01,646089.99,216142.62,68940.8,320982.58,387570.7,414959,0.0,3745,24090,448,108438.91,0.6343,0.9194,0,0
2024-12-09,23882,8704138.39,364.46,792311.64,209789.9,55604.85,362111.42,319242.86,450054,251221.65,3662,26390,390,60449.71,0.6029,0.8947,0,0
2024-12-16,23088,8299832.61,359.49,514261.67,121552.31,44161.9,205607.52,0.0,182536,226275.34,2457,20358,223,90967.9,0.6616,0.8977,0,1
2024-12-23,23950,8296191.6,346.4,472914.89,340894.85,102578.04,366530.42,0.0,193740,0.0,4720,25766,354,88618.03,0.7043,0.9311,0,1
2024-12-30,23945,8124180.27,339.29,307214.35,194001.3,69020.8,294994.07,0.0,274871,0.0,3293,21453,386,32496.72,0.1234,0.944,0,0
